44438869911
44438869911
44438869911
44438869911
44438869911
44438869911
44438869911
44438869911
44438869911
44438869911
